// Jest Snapshot v1, https://goo.gl/fbAQLP

exports[`<Copyright /> should render correctly 1`] = `
<Copyright
  config={
    Object {
      "copyright": Object {
        "owner": "© Matthew Rouser",
      },
      "initialLinks": Object {
        "paths": Array [
          Object {
            "path": "/",
            "title": "Home",
          },
          Object {
            "path": "/about",
            "title": "About",
          },
          Object {
            "path": "/contact",
            "title": "Contact",
          },
        ],
        "socialLinks": Array [
          Object {
            "icon": "fa-twitter",
            "name": "Twitter",
            "path": "https://www.twitter.com/mjrouser",
          },
          Object {
            "icon": "fa-linkedin",
            "name": "LinkedIn",
            "path": "https://www.linkedin.com/in/mjrouser",
          },
          Object {
            "icon": "fa-github",
            "name": "Github",
            "path": "https://www.github.com/mjrouser",
          },
          Object {
            "icon": "fa-envelope",
            "name": "email",
            "path": "mailto:matthew@mjrouser.com?subject=Mjrouser.com inquiry",
          },
        ],
      },
      "introText": Object {
        "/": "Lorem ipsum dolor sit amet, consectetur adipiscing elit. Vivamus mi nulla, condimentum vehicula neque ac. ",
        "/about": "Proin a eros ut diam aliquam blandit non ut diam. Proin ut vehicula enim.",
        "/contact": "Proin urna mauris, tristique quis diam non, blandit rhoncus orci.",
        "/speaking": "Praesent in pellentesque dui. Donec ultrices hendrerit sem rhoncus auctor.",
      },
      "name": "Lorem Ipsum",
    }
  }
>
  <div
    id="copyright"
  >
    <ul>
      <li>
        © Matthew Rouser
      </li>
      <li>
        Design: 
        <a
          href="https://html5up.net"
        >
          HTML5 UP
        </a>
      </li>
      <li>
        Powered by: 
        <a
          href="https://www.gatsbyjs.org/"
        >
          GatsbyJS
        </a>
      </li>
    </ul>
  </div>
</Copyright>
`;
