// Jest Snapshot v1, https://goo.gl/fbAQLP

exports[`<Footer /> should render correctly 1`] = `
<Footer
  config={
    Object {
      "copyright": Object {
        "owner": "Â© Matthew Rouser",
      },
      "initialLinks": Object {
        "paths": Array [
          Object {
            "path": "/",
            "title": "Home",
          },
          Object {
            "path": "/about",
            "title": "About",
          },
          Object {
            "path": "/contact",
            "title": "Contact",
          },
        ],
        "socialLinks": Array [
          Object {
            "icon": "fa-twitter",
            "name": "Twitter",
            "path": "https://www.twitter.com/mjrouser",
          },
          Object {
            "icon": "fa-linkedin",
            "name": "LinkedIn",
            "path": "https://www.linkedin.com/in/mjrouser",
          },
          Object {
            "icon": "fa-github",
            "name": "Github",
            "path": "https://www.github.com/mjrouser",
          },
          Object {
            "icon": "fa-envelope",
            "name": "email",
            "path": "mailto:matthew@mjrouser.com?subject=Mjrouser.com inquiry",
          },
        ],
      },
      "introText": Object {
        "/": "Lorem ipsum dolor sit amet, consectetur adipiscing elit. Vivamus mi nulla, condimentum vehicula neque ac. ",
        "/about": "Proin a eros ut diam aliquam blandit non ut diam. Proin ut vehicula enim.",
        "/contact": "Proin urna mauris, tristique quis diam non, blandit rhoncus orci.",
        "/speaking": "Praesent in pellentesque dui. Donec ultrices hendrerit sem rhoncus auctor.",
      },
      "name": "Lorem Ipsum",
    }
  }
>
  <footer
    id="footer"
  >
    <section
      className="split contact"
    >
      <section>
        <h3>
          Social
        </h3>
        <ul
          className="icons alt"
        >
          <li
            key="0"
          >
            <a
              className="icon fa-twitter alt"
              href="https://www.twitter.com/mjrouser"
            >
              <span
                className="label"
              >
                Twitter
              </span>
            </a>
          </li>
          <li
            key="1"
          >
            <a
              className="icon fa-linkedin alt"
              href="https://www.linkedin.com/in/mjrouser"
            >
              <span
                className="label"
              >
                LinkedIn
              </span>
            </a>
          </li>
          <li
            key="2"
          >
            <a
              className="icon fa-github alt"
              href="https://www.github.com/mjrouser"
            >
              <span
                className="label"
              >
                Github
              </span>
            </a>
          </li>
          <li
            key="3"
          >
            <a
              className="icon fa-envelope alt"
              href="mailto:matthew@mjrouser.com?subject=Mjrouser.com inquiry"
            >
              <span
                className="label"
              >
                email
              </span>
            </a>
          </li>
        </ul>
      </section>
    </section>
  </footer>
</Footer>
`;
